#
# There is insufficient memory for the Java Runtime Environment to continue.
# Native memory allocation (malloc) failed to allocate 32744 bytes. Error detail: Chunk::new
# Possible reasons:
#   The system is out of physical RAM or swap space
#   This process is running with CompressedOops enabled, and the Java Heap may be blocking the growth of the native heap
# Possible solutions:
#   Reduce memory load on the system
#   Increase physical memory or swap space
#   Check if swap backing store is full
#   Decrease Java heap size (-Xmx/-Xms)
#   Decrease number of Java threads
#   Decrease Java thread stack sizes (-Xss)
#   Set larger code cache with -XX:ReservedCodeCacheSize=
#   JVM is running with Unscaled Compressed Oops mode in which the Java heap is
#     placed in the first 4GB address space. The Java Heap base address is the
#     maximum limit for the native heap growth. Please use -XX:HeapBaseMinAddress
#     to set the Java Heap base and to place the Java Heap above 4GB virtual address.
# This output file may be truncated or incomplete.
#
#  Out of Memory Error (arena.cpp:168), pid=9440, tid=30072
#
# JRE version: OpenJDK Runtime Environment Microsoft-11933218 (21.0.8+9) (build 21.0.8+9-LTS)
# Java VM: OpenJDK 64-Bit Server VM Microsoft-11933218 (21.0.8+9-LTS, mixed mode, sharing, tiered, compressed oops, compressed class ptrs, g1 gc, windows-amd64)
# No core dump will be written. Minidumps are not enabled by default on client versions of Windows
#

---------------  S U M M A R Y ------------

Command Line: -javaagent:C:\Users\deepi\AppData\Local\JetBrains\IdeaIC2025.2\captureAgent\debugger-agent.jar=file:///C:/Users/deepi/AppData/Local/Temp/capture16266780466671519419.props -ea -Didea.test.cyclic.buffer.size=1048576 -javaagent:C:\Program Files\JetBrains\IntelliJ IDEA Community Edition 2025.2\lib\idea_rt.jar=52838 -Dkotlinx.coroutines.debug.enable.creation.stack.trace=false -Ddebugger.agent.enable.coroutines=true -Dkotlinx.coroutines.debug.enable.flows.stack.trace=true -Dkotlinx.coroutines.debug.enable.mutable.state.flows.stack.trace=true -Dfile.encoding=UTF-8 -Dsun.stdout.encoding=UTF-8 -Dsun.stderr.encoding=UTF-8 com.intellij.rt.testng.RemoteTestNGStarter -usedefaultlisteners false -socket52837 @w@C:\Users\deepi\AppData\Local\Temp\idea_working_dirs_testng.tmp -temp C:\Users\deepi\AppData\Local\Temp\idea_testng.tmp

Host: AMD Ryzen 5 7520U with Radeon Graphics         , 8 cores, 7G,  Windows 11 , 64 bit Build 26100 (10.0.26100.8875)
Time: Fri Jul 31 17:58:57 2026 GMT Summer Time elapsed time: 21.329381 seconds (0d 0h 0m 21s)

---------------  T H R E A D  ---------------

Current thread (0x000001a9e3d51cd0):  JavaThread "C1 CompilerThread0" daemon [_thread_in_native, id=30072, stack(0x0000003e1ac00000,0x0000003e1ad00000) (1024K)]


Current CompileTask:
C1:21329 3134   !   3       jdk.internal.net.http.HttpClientImpl::purgeTimeoutsAndReturnNextDeadline (326 bytes)

Stack: [0x0000003e1ac00000,0x0000003e1ad00000]
Native frames: (J=compiled Java code, j=interpreted, Vv=VM code, C=native code)
V  [jvm.dll+0x6e1729]
V  [jvm.dll+0x8bf47b]
V  [jvm.dll+0x8c19aa]
V  [jvm.dll+0x8c2083]
V  [jvm.dll+0x289fd6]
V  [jvm.dll+0xc903d]
V  [jvm.dll+0xc958c]
V  [jvm.dll+0x1b6578]
V  [jvm.dll+0x163472]
V  [jvm.dll+0x169906]
V  [jvm.dll+0x167739]
V  [jvm.dll+0x1616d1]
V  [jvm.dll+0x171248]
V  [jvm.dll+0x15cbf5]
V  [jvm.dll+0x15cfad]
V  [jvm.dll+0x15d34c]
V  [jvm.dll+0x15c54c]
V  [jvm.dll+0x15e36d]
V  [jvm.dll+0x260f4a]
V  [jvm.dll+0x25f2b5]
V  [jvm.dll+0x40151d]
V  [jvm.dll+0x86975d]
V  [jvm.dll+0x6dff2d]
C  [ucrtbase.dll+0x2cd30]
C  [KERNEL32.DLL+0x2e957]
C  [ntdll.dll+0xaad6c]


---------------  P R O C E S S  ---------------

Threads class SMR info:
_java_thread_list=0x000001a9e96b3980, length=79, elements={
0x000001a9c749bda0, 0x000001a9e3d3df70, 0x000001a9e3d417f0, 0x000001a9e3d45560,
0x000001a9e3d45fb0, 0x000001a9e3d46a00, 0x000001a9e3d47450, 0x000001a9e3d48ef0,
0x000001a9e3d51cd0, 0x000001a9e80dda40, 0x000001a9e81d6460, 0x000001a9e83870b0,
0x000001a9e83809e0, 0x000001a9e9366a60, 0x000001a9e93670c0, 0x000001a9e95920d0,
0x000001a9e95913b0, 0x000001a9e9592760, 0x000001a9e9592df0, 0x000001a9e9590000,
0x000001a9e9591a40, 0x000001a9e958f970, 0x000001a9e9590690, 0x000001a9e9590d20,
0x000001a9e95d9630, 0x000001a9e95d8fa0, 0x000001a9e95d8910, 0x000001a9e95d7bf0,
0x000001a9e95d61b0, 0x000001a9e95d9cc0, 0x000001a9e95da350, 0x000001a9e95da9e0,
0x000001a9e95db070, 0x000001a9e95db700, 0x000001a9e95d8280, 0x000001a9e95dd7d0,
0x000001a9e95dbd90, 0x000001a9e95dc420, 0x000001a9e95dcab0, 0x000001a9e95dd140,
0x000001a9ea7d2a40, 0x000001a9ea7d0970, 0x000001a9ea7d02e0, 0x000001a9ea7d1000,
0x000001a9ea7cfc50, 0x000001a9ea7d3760, 0x000001a9ea7d30d0, 0x000001a9ea7d3df0,
0x000001a9ea7d1690, 0x000001a9ea7d5830, 0x000001a9ea7d4480, 0x000001a9ea7d23b0,
0x000001a9ea7d5ec0, 0x000001a9ea7d51a0, 0x000001a9ea7d6550, 0x000001a9ea7d6be0,
0x000001a9ea7d7270, 0x000001a9ea7d4b10, 0x000001a9ea2691b0, 0x000001a9ea268b20,
0x000001a9ea269ed0, 0x000001a9ea269840, 0x000001a9ea268490, 0x000001a9ea26a560,
0x000001a9ea2670e0, 0x000001a9ea26abf0, 0x000001a9ea267770, 0x000001a9ea26b280,
0x000001a9ea267e00, 0x000001a9ea26d9e0, 0x000001a9ea26c630, 0x000001a9ea26b910,
0x000001a9ea26e070, 0x000001a9ea26bfa0, 0x000001a9ea26e700, 0x000001a9ea26ccc0,
0x000001a9ea26d350, 0x000001a9e8bd3480, 0x000001a9e8bd0000
}

Java Threads: ( => current thread )
  0x000001a9c749bda0 JavaThread "main"                              [_thread_blocked, id=27012, stack(0x0000003e19d00000,0x0000003e19e00000) (1024K)]
  0x000001a9e3d3df70 JavaThread "Reference Handler"          daemon [_thread_blocked, id=28188, stack(0x0000003e1a500000,0x0000003e1a600000) (1024K)]
  0x000001a9e3d417f0 JavaThread "Finalizer"                  daemon [_thread_blocked, id=30692, stack(0x0000003e1a600000,0x0000003e1a700000) (1024K)]
  0x000001a9e3d45560 JavaThread "Signal Dispatcher"          daemon [_thread_blocked, id=1372, stack(0x0000003e1a700000,0x0000003e1a800000) (1024K)]
  0x000001a9e3d45fb0 JavaThread "Attach Listener"            daemon [_thread_blocked, id=25464, stack(0x0000003e1a800000,0x0000003e1a900000) (1024K)]
  0x000001a9e3d46a00 JavaThread "Service Thread"             daemon [_thread_blocked, id=17400, stack(0x0000003e1a900000,0x0000003e1aa00000) (1024K)]
  0x000001a9e3d47450 JavaThread "Monitor Deflation Thread"   daemon [_thread_blocked, id=5436, stack(0x0000003e1aa00000,0x0000003e1ab00000) (1024K)]
  0x000001a9e3d48ef0 JavaThread "C2 CompilerThread0"         daemon [_thread_in_native, id=23888, stack(0x0000003e1ab00000,0x0000003e1ac00000) (1024K)]
=>0x000001a9e3d51cd0 JavaThread "C1 CompilerThread0"         daemon [_thread_in_native, id=30072, stack(0x0000003e1ac00000,0x0000003e1ad00000) (1024K)]
  0x000001a9e80dda40 JavaThread "Common-Cleaner"             daemon [_thread_blocked, id=27300, stack(0x0000003e1ad00000,0x0000003e1ae00000) (1024K)]
  0x000001a9e81d6460 JavaThread "IntelliJ Suspend Helper"    daemon [_thread_blocked, id=29848, stack(0x0000003e1ae00000,0x0000003e1af00000) (1024K)]
  0x000001a9e83870b0 JavaThread "Monitor Ctrl-Break"         daemon [_thread_in_native, id=26176, stack(0x0000003e1af00000,0x0000003e1b000000) (1024K)]
  0x000001a9e83809e0 JavaThread "Notification Thread"        daemon [_thread_blocked, id=20264, stack(0x0000003e1b000000,0x0000003e1b100000) (1024K)]
  0x000001a9e9366a60 JavaThread "ForkJoinPool.commonPool-worker-1" daemon [_thread_blocked, id=29824, stack(0x0000003e1b800000,0x0000003e1b900000) (1024K)]
  0x000001a9e93670c0 JavaThread "ForkJoinPool.commonPool-worker-2" daemon [_thread_blocked, id=9100, stack(0x0000003e1b900000,0x0000003e1ba00000) (1024K)]
  0x000001a9e95920d0 JavaThread "ForkJoinPool.commonPool-worker-3" daemon [_thread_blocked, id=22384, stack(0x0000003e1ba00000,0x0000003e1bb00000) (1024K)]
  0x000001a9e95913b0 JavaThread "ForkJoinPool.commonPool-worker-4" daemon [_thread_blocked, id=28676, stack(0x0000003e1bb00000,0x0000003e1bc00000) (1024K)]
  0x000001a9e9592760 JavaThread "ForkJoinPool.commonPool-worker-6" daemon [_thread_blocked, id=19296, stack(0x0000003e1bc00000,0x0000003e1bd00000) (1024K)]
  0x000001a9e9592df0 JavaThread "ForkJoinPool.commonPool-worker-5" daemon [_thread_blocked, id=2308, stack(0x0000003e1bd00000,0x0000003e1be00000) (1024K)]
  0x000001a9e9590000 JavaThread "ForkJoinPool.commonPool-worker-7" daemon [_thread_in_Java, id=26348, stack(0x0000003e1be00000,0x0000003e1bf00000) (1024K)]
  0x000001a9e9591a40 JavaThread "Forwarding get on session 2427aecb177484b6034334be3023f6df to remote"        [_thread_blocked, id=25084, stack(0x0000003e1bf00000,0x0000003e1c000000) (1024K)]
  0x000001a9e958f970 JavaThread "TestNG-test-Regression Tests-2"        [_thread_in_vm, id=13396, stack(0x0000003e1c000000,0x0000003e1c100000) (1024K)]
  0x000001a9e9590690 JavaThread "TestNG-test-Regression Tests-3"        [_thread_blocked, id=6352, stack(0x0000003e1c100000,0x0000003e1c200000) (1024K)]
  0x000001a9e9590d20 JavaThread "TestNG-test-Regression Tests-4"        [_thread_blocked, id=892, stack(0x0000003e1c200000,0x0000003e1c300000) (1024K)]
  0x000001a9e95d9630 JavaThread "HttpClient-4-SelectorManager" daemon [_thread_in_native, id=18024, stack(0x0000003e1c300000,0x0000003e1c400000) (1024K)]
  0x000001a9e95d8fa0 JavaThread "HttpClient-3-SelectorManager" daemon [_thread_in_native, id=26180, stack(0x0000003e1c400000,0x0000003e1c500000) (1024K)]
  0x000001a9e95d8910 JavaThread "HttpClient-2-SelectorManager" daemon [_thread_in_native, id=27228, stack(0x0000003e1c500000,0x0000003e1c600000) (1024K)]
  0x000001a9e95d7bf0 JavaThread "HttpClient-1-SelectorManager" daemon [_thread_in_native, id=29944, stack(0x0000003e1c600000,0x0000003e1c700000) (1024K)]
  0x000001a9e95d61b0 JavaThread "External Process Output Forwarder - C:\Users\deepi\.cache\selenium\chromedriver\win64\150.0.7871.124\chromedriver.exe" daemon [_thread_in_native, id=30640, stack(0x0000003e1c700000,0x0000003e1c800000) (1024K)]
  0x000001a9e95d9cc0 JavaThread "Driver Service Executor"    daemon [_thread_blocked, id=9600, stack(0x0000003e1c800000,0x0000003e1c900000) (1024K)]
  0x000001a9e95da350 JavaThread "Driver Service Executor"    daemon [_thread_in_native, id=28192, stack(0x0000003e1c900000,0x0000003e1ca00000) (1024K)]
  0x000001a9e95da9e0 JavaThread "UrlChecker-2"               daemon [_thread_blocked, id=25320, stack(0x0000003e1ca00000,0x0000003e1cb00000) (1024K)]
  0x000001a9e95db070 JavaThread "External Process Output Forwarder - C:\Users\deepi\.cache\selenium\chromedriver\win64\150.0.7871.124\chromedriver.exe" daemon [_thread_in_native, id=29900, stack(0x0000003e1cb00000,0x0000003e1cc00000) (1024K)]
  0x000001a9e95db700 JavaThread "Driver Service Executor"    daemon [_thread_blocked, id=21736, stack(0x0000003e1cc00000,0x0000003e1cd00000) (1024K)]
  0x000001a9e95d8280 JavaThread "Driver Service Executor"    daemon [_thread_in_native, id=15596, stack(0x0000003e1cd00000,0x0000003e1ce00000) (1024K)]
  0x000001a9e95dd7d0 JavaThread "UrlChecker-3"               daemon [_thread_blocked, id=256, stack(0x0000003e1ce00000,0x0000003e1cf00000) (1024K)]
  0x000001a9e95dbd90 JavaThread "External Process Output Forwarder - C:\Users\deepi\.cache\selenium\chromedriver\win64\150.0.7871.124\chromedriver.exe" daemon [_thread_in_native, id=18500, stack(0x0000003e1cf00000,0x0000003e1d000000) (1024K)]
  0x000001a9e95dc420 JavaThread "Driver Service Executor"    daemon [_thread_blocked, id=20036, stack(0x0000003e1d000000,0x0000003e1d100000) (1024K)]
  0x000001a9e95dcab0 JavaThread "Driver Service Executor"    daemon [_thread_in_native, id=9720, stack(0x0000003e1d100000,0x0000003e1d200000) (1024K)]
  0x000001a9e95dd140 JavaThread "UrlChecker-4"               daemon [_thread_blocked, id=10304, stack(0x0000003e1d300000,0x0000003e1d400000) (1024K)]
  0x000001a9ea7d2a40 JavaThread "External Process Output Forwarder - C:\Users\deepi\.cache\selenium\chromedriver\win64\150.0.7871.124\chromedriver.exe" daemon [_thread_in_native, id=14552, stack(0x0000003e1d400000,0x0000003e1d500000) (1024K)]
  0x000001a9ea7d0970 JavaThread "Driver Service Executor"    daemon [_thread_blocked, id=2040, stack(0x0000003e1d500000,0x0000003e1d600000) (1024K)]
  0x000001a9ea7d02e0 JavaThread "Driver Service Executor"    daemon [_thread_in_native, id=27540, stack(0x0000003e1d600000,0x0000003e1d700000) (1024K)]
  0x000001a9ea7d1000 JavaThread "UrlChecker-5"               daemon [_thread_blocked, id=10444, stack(0x0000003e1d700000,0x0000003e1d800000) (1024K)]
  0x000001a9ea7cfc50 JavaThread "JdkHttpClient-0-0"          daemon [_thread_blocked, id=6052, stack(0x0000003e1d900000,0x0000003e1da00000) (1024K)]
  0x000001a9ea7d3760 JavaThread "JdkHttpClient-2-0"          daemon [_thread_blocked, id=16972, stack(0x0000003e1da00000,0x0000003e1db00000) (1024K)]
  0x000001a9ea7d30d0 JavaThread "JdkHttpClient-3-0"          daemon [_thread_blocked, id=25236, stack(0x0000003e1db00000,0x0000003e1dc00000) (1024K)]
  0x000001a9ea7d3df0 JavaThread "JdkHttpClient-1-0"          daemon [_thread_blocked, id=8088, stack(0x0000003e1dc00000,0x0000003e1dd00000) (1024K)]
  0x000001a9ea7d1690 JavaThread "CompletableFutureDelayScheduler" daemon [_thread_blocked, id=4644, stack(0x0000003e1dd00000,0x0000003e1de00000) (1024K)]
  0x000001a9ea7d5830 JavaThread "JdkHttpClient-3-1"          daemon [_thread_blocked, id=4996, stack(0x0000003e1df00000,0x0000003e1e000000) (1024K)]
  0x000001a9ea7d4480 JavaThread "JdkHttpClient-0-1"          daemon [_thread_blocked, id=30048, stack(0x0000003e1e000000,0x0000003e1e100000) (1024K)]
  0x000001a9ea7d23b0 JavaThread "JdkHttpClient-2-1"          daemon [_thread_blocked, id=3404, stack(0x0000003e1e100000,0x0000003e1e200000) (1024K)]
  0x000001a9ea7d5ec0 JavaThread "JdkHttpClient-1-1"          daemon [_thread_blocked, id=19860, stack(0x0000003e1e200000,0x0000003e1e300000) (1024K)]
  0x000001a9ea7d51a0 JavaThread "JdkHttpClient-0-2"          daemon [_thread_blocked, id=10588, stack(0x0000003e1e300000,0x0000003e1e400000) (1024K)]
  0x000001a9ea7d6550 JavaThread "JdkHttpClient-1-2"          daemon [_thread_blocked, id=1500, stack(0x0000003e1e400000,0x0000003e1e500000) (1024K)]
  0x000001a9ea7d6be0 JavaThread "JdkHttpClient-0-3"          daemon [_thread_blocked, id=14120, stack(0x0000003e1e500000,0x0000003e1e600000) (1024K)]
  0x000001a9ea7d7270 JavaThread "JdkHttpClient-3-2"          daemon [_thread_blocked, id=27688, stack(0x0000003e1e600000,0x0000003e1e700000) (1024K)]
  0x000001a9ea7d4b10 JavaThread "JdkHttpClient-2-2"          daemon [_thread_blocked, id=20344, stack(0x0000003e1e700000,0x0000003e1e800000) (1024K)]
  0x000001a9ea2691b0 JavaThread "JdkHttpClient-1-3"          daemon [_thread_blocked, id=27872, stack(0x0000003e1e800000,0x0000003e1e900000) (1024K)]
  0x000001a9ea268b20 JavaThread "JdkHttpClient-2-3"          daemon [_thread_blocked, id=25632, stack(0x0000003e1e900000,0x0000003e1ea00000) (1024K)]
  0x000001a9ea269ed0 JavaThread "JdkHttpClient-3-3"          daemon [_thread_blocked, id=20676, stack(0x0000003e1ea00000,0x0000003e1eb00000) (1024K)]
  0x000001a9ea269840 JavaThread "HttpClient-5-SelectorManager" daemon [_thread_in_native, id=6968, stack(0x0000003e1eb00000,0x0000003e1ec00000) (1024K)]
  0x000001a9ea268490 JavaThread "JdkHttpClient-4-0"          daemon [_thread_blocked, id=9356, stack(0x0000003e1ec00000,0x0000003e1ed00000) (1024K)]
  0x000001a9ea26a560 JavaThread "HttpClient-6-SelectorManager" daemon [_thread_in_native, id=9232, stack(0x0000003e1ed00000,0x0000003e1ee00000) (1024K)]
  0x000001a9ea2670e0 JavaThread "JdkHttpClient-5-0"          daemon [_thread_blocked, id=8788, stack(0x0000003e1ee00000,0x0000003e1ef00000) (1024K)]
  0x000001a9ea26abf0 JavaThread "HttpClient-7-SelectorManager" daemon [_thread_in_native, id=23040, stack(0x0000003e1ef00000,0x0000003e1f000000) (1024K)]
  0x000001a9ea267770 JavaThread "HttpClient-8-SelectorManager" daemon [_thread_in_native, id=19304, stack(0x0000003e1f000000,0x0000003e1f100000) (1024K)]
  0x000001a9ea26b280 JavaThread "JdkHttpClient-6-0"          daemon [_thread_blocked, id=19468, stack(0x0000003e1f100000,0x0000003e1f200000) (1024K)]
  0x000001a9ea267e00 JavaThread "JdkHttpClient-7-0"          daemon [_thread_blocked, id=7256, stack(0x0000003e1f200000,0x0000003e1f300000) (1024K)]
  0x000001a9ea26d9e0 JavaThread "JdkHttpClient-4-1"          daemon [_thread_blocked, id=25456, stack(0x0000003e1f300000,0x0000003e1f400000) (1024K)]
  0x000001a9ea26c630 JavaThread "JdkHttpClient-4-2"          daemon [_thread_blocked, id=26192, stack(0x0000003e1f400000,0x0000003e1f500000) (1024K)]
  0x000001a9ea26b910 JavaThread "JdkHttpClient-6-1"          daemon [_thread_blocked, id=10252, stack(0x0000003e1f500000,0x0000003e1f600000) (1024K)]
  0x000001a9ea26e070 JavaThread "JdkHttpClient-4-3"          daemon [_thread_blocked, id=29324, stack(0x0000003e1f600000,0x0000003e1f700000) (1024K)]
  0x000001a9ea26bfa0 JavaThread "JdkHttpClient-7-1"          daemon [_thread_blocked, id=26980, stack(0x0000003e1f700000,0x0000003e1f800000) (1024K)]
  0x000001a9ea26e700 JavaThread "JdkHttpClient-5-1"          daemon [_thread_blocked, id=23252, stack(0x0000003e1f800000,0x0000003e1f900000) (1024K)]
  0x000001a9ea26ccc0 JavaThread "JdkHttpClient-6-2"          daemon [_thread_blocked, id=17712, stack(0x0000003e1f900000,0x0000003e1fa00000) (1024K)]
  0x000001a9ea26d350 JavaThread "JdkHttpClient-5-2"          daemon [_thread_blocked, id=29804, stack(0x0000003e1fa00000,0x0000003e1fb00000) (1024K)]
  0x000001a9e8bd3480 JavaThread "JdkHttpClient-7-2"          daemon [_thread_blocked, id=16736, stack(0x0000003e1fb00000,0x0000003e1fc00000) (1024K)]
  0x000001a9e8bd0000 JavaThread "JdkHttpClient-6-3"          daemon [_thread_blocked, id=30596, stack(0x0000003e1fc00000,0x0000003e1fd00000) (1024K)]
Total: 79

Other Threads:
  0x000001a9e3d1f990 VMThread "VM Thread"                           [id=17864, stack(0x0000003e1a400000,0x0000003e1a500000) (1024K)]
  0x000001a9e3d11a60 WatcherThread "VM Periodic Task Thread"        [id=30212, stack(0x0000003e1a300000,0x0000003e1a400000) (1024K)]
  0x000001a9c74f1a50 WorkerThread "GC Thread#0"                     [id=7952, stack(0x0000003e19e00000,0x0000003e19f00000) (1024K)]
  0x000001a9e914ef70 WorkerThread "GC Thread#1"                     [id=23204, stack(0x0000003e1b100000,0x0000003e1b200000) (1024K)]
  0x000001a9e917eb60 WorkerThread "GC Thread#2"                     [id=16096, stack(0x0000003e1b200000,0x0000003e1b300000) (1024K)]
  0x000001a9e91cc870 WorkerThread "GC Thread#3"                     [id=13412, stack(0x0000003e1b300000,0x0000003e1b400000) (1024K)]
  0x000001a9e91ccc10 WorkerThread "GC Thread#4"                     [id=22328, stack(0x0000003e1b400000,0x0000003e1b500000) (1024K)]
  0x000001a9e91ccfb0 WorkerThread "GC Thread#5"                     [id=23480, stack(0x0000003e1b500000,0x0000003e1b600000) (1024K)]
  0x000001a9e91cd350 WorkerThread "GC Thread#6"                     [id=21596, stack(0x0000003e1b600000,0x0000003e1b700000) (1024K)]
  0x000001a9e91e1f20 WorkerThread "GC Thread#7"                     [id=8260, stack(0x0000003e1b700000,0x0000003e1b800000) (1024K)]
  0x000001a9c7501fc0 ConcurrentGCThread "G1 Main Marker"            [id=9104, stack(0x0000003e19f00000,0x0000003e1a000000) (1024K)]
  0x000001a9c7503980 WorkerThread "G1 Conc#0"                       [id=7460, stack(0x0000003e1a000000,0x0000003e1a100000) (1024K)]
  0x000001a9e92cf700 WorkerThread "G1 Conc#1"                       [id=5060, stack(0x0000003e1de00000,0x0000003e1df00000) (1024K)]
  0x000001a9c754e690 ConcurrentGCThread "G1 Refine#0"               [id=16976, stack(0x0000003e1a100000,0x0000003e1a200000) (1024K)]
  0x000001a9e3be1180 ConcurrentGCThread "G1 Service"                [id=29828, stack(0x0000003e1a200000,0x0000003e1a300000) (1024K)]
Total: 15

Threads with active compile tasks:
C2 CompilerThread0  22397 3131       4       jdk.internal.loader.URLClassPath::getResource (74 bytes)
C1 CompilerThread0  22397 3134   !   3       jdk.internal.net.http.HttpClientImpl::purgeTimeoutsAndReturnNextDeadline (326 bytes)
Total: 2

VM state: not at safepoint (normal execution)

VM Mutex/Monitor currently owned by a thread: None

Heap address: 0x000000008c000000, size: 1856 MB, Compressed Oops mode: 32-bit

CDS archive(s) mapped at: [0x000001a980000000-0x000001a980c80000-0x000001a980c80000), size 13107200, SharedBaseAddress: 0x000001a980000000, ArchiveRelocationMode: 1.
Compressed class space mapped at: 0x000001a981000000-0x000001a9c1000000, reserved size: 1073741824
Narrow klass base: 0x000001a980000000, Narrow klass shift: 0, Narrow klass range: 0x100000000

GC Precious Log:
 CardTable entry size: 512
 Card Set container configuration: InlinePtr #cards 5 size 8 Array Of Cards #cards 12 size 40 Howl #buckets 4 coarsen threshold 1843 Howl Bitmap #cards 512 size 80 coarsen threshold 460 Card regions per heap region 1 cards per card region 2048
 CPUs: 8 total, 8 available
 Memory: 7418M
 Large Page Support: Disabled
 NUMA Support: Disabled
 Compressed Oops: Enabled (32-bit)
 Heap Region Size: 1M
 Heap Min Capacity: 8M
 Heap Initial Capacity: 116M
 Heap Max Capacity: 1856M
 Pre-touch: Disabled
 Parallel Workers: 8
 Concurrent Workers: 2
 Concurrent Refinement Workers: 8
 Periodic GC: Disabled

Heap:
 garbage-first heap   total 45056K, used 28742K [0x000000008c000000, 0x0000000100000000)
  region size 1024K, 22 young (22528K), 5 survivors (5120K)
 Metaspace       used 23986K, committed 24512K, reserved 1114112K
  class space    used 3038K, committed 3264K, reserved 1048576K

Heap Regions: E=young(eden), S=young(survivor), O=old, HS=humongous(starts), HC=humongous(continues), CS=collection set, F=free, TAMS=top-at-mark-start, PB=parsable bottom
|   0|0x000000008c000000, 0x000000008c100000, 0x000000008c100000|100%|HS|  |TAMS 0x000000008c000000| PB 0x000000008c000000| Complete 
|   1|0x000000008c100000, 0x000000008c200000, 0x000000008c200000|100%|HS|  |TAMS 0x000000008c100000| PB 0x000000008c100000| Complete 
|   2|0x000000008c200000, 0x000000008c300000, 0x000000008c300000|100%| O|  |TAMS 0x000000008c200000| PB 0x000000008c200000| Untracked 
|   3|0x000000008c300000, 0x000000008c400000, 0x000000008c400000|100%| O|  |TAMS 0x000000008c300000| PB 0x000000008c300000| Untracked 
|   4|0x000000008c400000, 0x000000008c500000, 0x000000008c500000|100%| O|  |TAMS 0x000000008c400000| PB 0x000000008c400000| Untracked 
|   5|0x000000008c500000, 0x000000008c600000, 0x000000008c600000|100%| O|  |TAMS 0x000000008c500000| PB 0x000000008c500000| Untracked 
|   6|0x000000008c600000, 0x000000008c700000, 0x000000008c700000|100%| O|  |TAMS 0x000000008c600000| PB 0x000000008c600000| Untracked 
|   7|0x000000008c700000, 0x000000008c7a8138, 0x000000008c800000| 65%| O|Cm|TAMS 0x000000008c700000| PB 0x000000008c700000| Complete 
|   8|0x000000008c800000, 0x000000008c800000, 0x000000008c900000|  0%| F|  |TAMS 0x000000008c800000| PB 0x000000008c800000| Untracked 
|   9|0x000000008c900000, 0x000000008c900000, 0x000000008ca00000|  0%| F|  |TAMS 0x000000008c900000| PB 0x000000008c900000| Untracked 
|  10|0x000000008ca00000, 0x000000008ca00000, 0x000000008cb00000|  0%| F|  |TAMS 0x000000008ca00000| PB 0x000000008ca00000| Untracked 
|  11|0x000000008cb00000, 0x000000008cb00000, 0x000000008cc00000|  0%| F|  |TAMS 0x000000008cb00000| PB 0x000000008cb00000| Untracked 
|  12|0x000000008cc00000, 0x000000008cc00000, 0x000000008cd00000|  0%| F|  |TAMS 0x000000008cc00000| PB 0x000000008cc00000| Untracked 
|  13|0x000000008cd00000, 0x000000008cd00000, 0x000000008ce00000|  0%| F|  |TAMS 0x000000008cd00000| PB 0x000000008cd00000| Untracked 
|  14|0x000000008ce00000, 0x000000008ce00000, 0x000000008cf00000|  0%| F|  |TAMS 0x000000008ce00000| PB 0x000000008ce00000| Untracked 
|  15|0x000000008cf00000, 0x000000008cf00000, 0x000000008d000000|  0%| F|  |TAMS 0x000000008cf00000| PB 0x000000008cf00000| Untracked 
|  16|0x000000008d000000, 0x000000008d000000, 0x000000008d100000|  0%| F|  |TAMS 0x000000008d000000| PB 0x000000008d000000| Untracked 
|  17|0x000000008d100000, 0x000000008d100000, 0x000000008d200000|  0%| F|  |TAMS 0x000000008d100000| PB 0x000000008d100000| Untracked 
|  18|0x000000008d200000, 0x000000008d200000, 0x000000008d300000|  0%| F|  |TAMS 0x000000008d200000| PB 0x000000008d200000| Untracked 
|  19|0x000000008d300000, 0x000000008d300000, 0x000000008d400000|  0%| F|  |TAMS 0x000000008d300000| PB 0x000000008d300000| Untracked 
|  20|0x000000008d400000, 0x000000008d400000, 0x000000008d500000|  0%| F|  |TAMS 0x000000008d400000| PB 0x000000008d400000| Untracked 
|  21|0x000000008d500000, 0x000000008d500000, 0x000000008d600000|  0%| F|  |TAMS 0x000000008d500000| PB 0x000000008d500000| Untracked 
|  22|0x000000008d600000, 0x000000008d68b3b8, 0x000000008d700000| 54%| E|  |TAMS 0x000000008d600000| PB 0x000000008d600000| Complete 
|  23|0x000000008d700000, 0x000000008d800000, 0x000000008d800000|100%| E|CS|TAMS 0x000000008d700000| PB 0x000000008d700000| Complete 
|  24|0x000000008d800000, 0x000000008d900000, 0x000000008d900000|100%| E|CS|TAMS 0x000000008d800000| PB 0x000000008d800000| Complete 
|  25|0x000000008d900000, 0x000000008da00000, 0x000000008da00000|100%| E|CS|TAMS 0x000000008d900000| PB 0x000000008d900000| Complete 
|  26|0x000000008da00000, 0x000000008db00000, 0x000000008db00000|100%| E|CS|TAMS 0x000000008da00000| PB 0x000000008da00000| Complete 
|  27|0x000000008db00000, 0x000000008dc00000, 0x000000008dc00000|100%| E|CS|TAMS 0x000000008db00000| PB 0x000000008db00000| Complete 
|  28|0x000000008dc00000, 0x000000008dd00000, 0x000000008dd00000|100%| E|CS|TAMS 0x000000008dc00000| PB 0x000000008dc00000| Complete 
|  29|0x000000008dd00000, 0x000000008de00000, 0x000000008de00000|100%| E|CS|TAMS 0x000000008dd00000| PB 0x000000008dd00000| Complete 
|  30|0x000000008de00000, 0x000000008df00000, 0x000000008df00000|100%| E|CS|TAMS 0x000000008de00000| PB 0x000000008de00000| Complete 
|  31|0x000000008df00000, 0x000000008e000000, 0x000000008e000000|100%| E|CS|TAMS 0x000000008df00000| PB 0x000000008df00000| Complete 
|  32|0x000000008e000000, 0x000000008e100000, 0x000000008e100000|100%| E|CS|TAMS 0x000000008e000000| PB 0x000000008e000000| Complete 
|  33|0x000000008e100000, 0x000000008e200000, 0x000000008e200000|100%| E|CS|TAMS 0x000000008e100000| PB 0x000000008e100000| Complete 
|  34|0x000000008e200000, 0x000000008e300000, 0x000000008e300000|100%| E|CS|TAMS 0x000000008e200000| PB 0x000000008e200000| Complete 
|  35|0x000000008e300000, 0x000000008e400000, 0x000000008e400000|100%| E|CS|TAMS 0x000000008e300000| PB 0x000000008e300000| Complete 
|  36|0x000000008e400000, 0x000000008e500000, 0x000000008e500000|100%| E|CS|TAMS 0x000000008e400000| PB 0x000000008e400000| Complete 
|  77|0x0000000090d00000, 0x0000000090d69980, 0x0000000090e00000| 41%| S|CS|TAMS 0x0000000090d00000| PB 0x0000000090d00000| Complete 
|  78|0x0000000090e00000, 0x0000000090f00000, 0x0000000090f00000|100%| S|CS|TAMS 0x0000000090e00000| PB 0x0000000090e00000| Complete 
|  79|0x0000000090f00000, 0x0000000091000000, 0x0000000091000000|100%| S|CS|TAMS 0x0000000090f00000| PB 0x0000000090f00000| Complete 
|  80|0x0000000091000000, 0x0000000091100000, 0x0000000091100000|100%| S|CS|TAMS 0x0000000091000000| PB 0x0000000091000000| Complete 
|  81|0x0000000091100000, 0x0000000091200000, 0x0000000091200000|100%| S|CS|TAMS 0x0000000091100000| PB 0x0000000091100000| Complete 
| 114|0x0000000093200000, 0x0000000093300000, 0x0000000093300000|100%| E|CS|TAMS 0x0000000093200000| PB 0x0000000093200000| Complete 
| 115|0x0000000093300000, 0x0000000093400000, 0x0000000093400000|100%| E|CS|TAMS 0x0000000093300000| PB 0x0000000093300000| Complete 

Card table byte_map: [0x000001a9df260000,0x000001a9df600000] _byte_map_base: 0x000001a9dee00000

Marking Bits: (CMBitMap*) 0x000001a9c74f2060
 Bits: [0x000001a9df600000, 0x000001a9e1300000)

Polling page: 0x000001a9c52e0000

Metaspace:

Usage:
  Non-class:     20.46 MB used.
      Class:      2.97 MB used.
       Both:     23.42 MB used.

Virtual space:
  Non-class space:       64.00 MB reserved,      20.75 MB ( 32%) committed,  1 nodes.
      Class space:        1.00 GB reserved,       3.19 MB ( <1%) committed,  1 nodes.
             Both:        1.06 GB reserved,      23.94 MB (  2%) committed. 

Chunk freelists:
   Non-Class:  11.27 MB
       Class:  12.64 MB
        Both:  23.91 MB

MaxMetaspaceSize: unlimited
CompressedClassSpaceSize: 1.00 GB
Initial GC threshold: 21.00 MB
Current GC threshold: 35.12 MB
CDS: on
 - commit_granule_bytes: 65536.
 - commit_granule_words: 8192.
 - virtual_space_node_default_size: 8388608.
 - enlarge_chunks_in_place: 1.
 - use_allocation_guard: 0.


Internal statistics:

num_allocs_failed_limit: 5.
num_arena_births: 804.
num_arena_deaths: 2.
num_vsnodes_births: 2.
num_vsnodes_deaths: 0.
num_space_committed: 383.
num_space_uncommitted: 0.
num_chunks_returned_to_freelist: 8.
num_chunks_taken_from_freelist: 1484.
num_chunk_merges: 5.
num_chunk_splits: 834.
num_chunks_enlarged: 329.
num_inconsistent_stats: 0.

CodeHeap 'non-profiled nmethods': size=120000Kb used=1304Kb max_used=1304Kb free=118695Kb
 bounds [0x000001a9d7660000, 0x000001a9d78d0000, 0x000001a9deb90000]
CodeHeap 'profiled nmethods': size=120000Kb used=5621Kb max_used=5621Kb free=114378Kb
 bounds [0x000001a9cfb90000, 0x000001a9d0110000, 0x000001a9d70c0000]
CodeHeap 'non-nmethods': size=5760Kb used=1524Kb max_used=1556Kb free=4235Kb
 bounds [0x000001a9d70c0000, 0x000001a9d7330000, 0x000001a9d7660000]
CodeCache: size=245760Kb, used=8449Kb, max_used=8481Kb, free=237308Kb
 total_blobs=3723, nmethods=3129, adapters=498, full_count=0
Compilation: enabled, stopped_count=0, restarted_count=0

Compilation events (20 events):
Event: 17.125 Thread 0x000001a9e3d51cd0 3124   !   3       jdk.internal.net.http.HttpClientImpl::finished (58 bytes)
Event: 17.127 Thread 0x000001a9e3d51cd0 nmethod 3124 0x000001a9d0109910 code [0x000001a9d0109b20, 0x000001a9d010a2f8]
Event: 17.127 Thread 0x000001a9e3d51cd0 3125       3       jdk.internal.net.http.HttpClientImpl::referenceCount (8 bytes)
Event: 17.127 Thread 0x000001a9e3d51cd0 nmethod 3125 0x000001a9d010a590 code [0x000001a9d010a720, 0x000001a9d010a858]
Event: 17.127 Thread 0x000001a9e3d51cd0 3126       3       jdk.internal.net.http.Http1HeaderParser::canContinueParsing (73 bytes)
Event: 17.128 Thread 0x000001a9e3d51cd0 nmethod 3126 0x000001a9d010a910 code [0x000001a9d010aac0, 0x000001a9d010add8]
Event: 17.131 Thread 0x000001a9e3d51cd0 3127       3       java.util.ArrayList::forEach (74 bytes)
Event: 17.132 Thread 0x000001a9e3d51cd0 nmethod 3127 0x000001a9d010af10 code [0x000001a9d010b120, 0x000001a9d010b6a0]
Event: 17.134 Thread 0x000001a9e3d51cd0 3128       3       java.util.stream.ReferencePipeline::forEach (11 bytes)
Event: 17.135 Thread 0x000001a9e3d51cd0 nmethod 3128 0x000001a9d010b910 code [0x000001a9d010bb00, 0x000001a9d010bfe8]
Event: 17.135 Thread 0x000001a9e3d51cd0 3129       3       java.util.stream.ForEachOps::makeRef (15 bytes)
Event: 17.135 Thread 0x000001a9e3d51cd0 nmethod 3129 0x000001a9d010c210 code [0x000001a9d010c3e0, 0x000001a9d010c810]
Event: 17.135 Thread 0x000001a9e3d51cd0 3130       3       java.util.stream.ForEachOps$ForEachOp::<init> (10 bytes)
Event: 17.135 Thread 0x000001a9e3d51cd0 nmethod 3130 0x000001a9d010ca10 code [0x000001a9d010cbc0, 0x000001a9d010cd30]
Event: 17.272 Thread 0x000001a9e3d48ef0 3131       4       jdk.internal.loader.URLClassPath::getResource (74 bytes)
Event: 18.287 Thread 0x000001a9e3d51cd0 3132       3       java.io.ByteArrayOutputStream::<init> (7 bytes)
Event: 18.288 Thread 0x000001a9e3d51cd0 nmethod 3132 0x000001a9d010ce10 code [0x000001a9d010cfc0, 0x000001a9d010d100]
Event: 18.766 Thread 0x000001a9e3d51cd0 3133       3       java.util.TreeSet::isEmpty (10 bytes)
Event: 19.302 Thread 0x000001a9e3d51cd0 nmethod 3133 0x000001a9d010d190 code [0x000001a9d010d340, 0x000001a9d010d518]
Event: 19.302 Thread 0x000001a9e3d51cd0 3134   !   3       jdk.internal.net.http.HttpClientImpl::purgeTimeoutsAndReturnNextDeadline (326 bytes)

GC Heap History (6 events):
Event: 6.436 GC heap before
{Heap before GC invocations=0 (full 0):
 garbage-first heap   total 118784K, used 25600K [0x000000008c000000, 0x0000000100000000)
  region size 1024K, 23 young (23552K), 0 survivors (0K)
 Metaspace       used 9637K, committed 9856K, reserved 1114112K
  class space    used 948K, committed 1088K, reserved 1048576K
}
Event: 6.444 GC heap after
{Heap after GC invocations=1 (full 0):
 garbage-first heap   total 118784K, used 7808K [0x000000008c000000, 0x0000000100000000)
  region size 1024K, 3 young (3072K), 3 survivors (3072K)
 Metaspace       used 9637K, committed 9856K, reserved 1114112K
  class space    used 948K, committed 1088K, reserved 1048576K
}
Event: 6.976 GC heap before
{Heap before GC invocations=1 (full 0):
 garbage-first heap   total 118784K, used 36480K [0x000000008c000000, 0x0000000100000000)
  region size 1024K, 31 young (31744K), 3 survivors (3072K)
 Metaspace       used 12698K, committed 13056K, reserved 1114112K
  class space    used 1300K, committed 1472K, reserved 1048576K
}
Event: 6.979 GC heap after
{Heap after GC invocations=2 (full 0):
 garbage-first heap   total 118784K, used 8902K [0x000000008c000000, 0x0000000100000000)
  region size 1024K, 2 young (2048K), 2 survivors (2048K)
 Metaspace       used 12698K, committed 13056K, reserved 1114112K
  class space    used 1300K, committed 1472K, reserved 1048576K
}
Event: 8.500 GC heap before
{Heap before GC invocations=2 (full 0):
 garbage-first heap   total 118784K, used 39622K [0x000000008c000000, 0x0000000100000000)
  region size 1024K, 34 young (34816K), 2 survivors (2048K)
 Metaspace       used 21018K, committed 21504K, reserved 1114112K
  class space    used 2523K, committed 2688K, reserved 1048576K
}
Event: 8.506 GC heap after
{Heap after GC invocations=3 (full 0):
 garbage-first heap   total 118784K, used 12358K [0x000000008c000000, 0x0000000100000000)
  region size 1024K, 5 young (5120K), 5 survivors (5120K)
 Metaspace       used 21018K, committed 21504K, reserved 1114112K
  class space    used 2523K, committed 2688K, reserved 1048576K
}

Dll operation events (12 events):
Event: 0.021 Loaded shared library C:\Users\deepi\.jdks\ms-21.0.8\bin\java.dll
Event: 0.024 Loaded shared library C:\Users\deepi\.jdks\ms-21.0.8\bin\zip.dll
Event: 0.068 Loaded shared library C:\Users\deepi\.jdks\ms-21.0.8\bin\jsvml.dll
Event: 0.270 Loaded shared library C:\Users\deepi\.jdks\ms-21.0.8\bin\instrument.dll
Event: 0.409 Loaded shared library C:\Users\deepi\.jdks\ms-21.0.8\bin\net.dll
Event: 0.413 Loaded shared library C:\Users\deepi\.jdks\ms-21.0.8\bin\nio.dll
Event: 0.449 Loaded shared library C:\Users\deepi\.jdks\ms-21.0.8\bin\zip.dll
Event: 0.502 Loaded shared library C:\Users\deepi\.jdks\ms-21.0.8\bin\extnet.dll
Event: 5.346 Loaded shared library C:\Users\deepi\.jdks\ms-21.0.8\bin\jimage.dll
Event: 7.186 Loaded shared library C:\Users\deepi\.jdks\ms-21.0.8\bin\management.dll
Event: 7.189 Loaded shared library C:\Users\deepi\.jdks\ms-21.0.8\bin\management_ext.dll
Event: 8.167 Loaded shared library C:\Users\deepi\.jdks\ms-21.0.8\bin\sunmscapi.dll

Deoptimization events (20 events):
Event: 12.546 Thread 0x000001a9e958f970 Uncommon trap: trap_request=0xffffffde fr.pc=0x000001a9d77772e0 relative=0x00000000000001a0
Event: 12.546 Thread 0x000001a9e958f970 Uncommon trap: reason=class_check action=maybe_recompile pc=0x000001a9d77772e0 method=org.openqa.selenium.json.Input.fill()Z @ 85 c2
Event: 12.546 Thread 0x000001a9e958f970 DEOPT PACKING pc=0x000001a9d77772e0 sp=0x0000003e1c0fdcd0
Event: 12.546 Thread 0x000001a9e958f970 DEOPT UNPACKING pc=0x000001a9d71146a2 sp=0x0000003e1c0fdc70 mode 2
Event: 12.615 Thread 0x000001a9e9591a40 Uncommon trap: trap_request=0xffffffde fr.pc=0x000001a9d77772e0 relative=0x00000000000001a0
Event: 12.615 Thread 0x000001a9e9591a40 Uncommon trap: reason=class_check action=maybe_recompile pc=0x000001a9d77772e0 method=org.openqa.selenium.json.Input.fill()Z @ 85 c2
Event: 12.615 Thread 0x000001a9e9591a40 DEOPT PACKING pc=0x000001a9d77772e0 sp=0x0000003e1bffd9f0
Event: 12.615 Thread 0x000001a9e9591a40 DEOPT UNPACKING pc=0x000001a9d71146a2 sp=0x0000003e1bffd990 mode 2
Event: 12.906 Thread 0x000001a9e9590d20 Uncommon trap: trap_request=0xffffffcc fr.pc=0x000001a9d77818fc relative=0x000000000000033c
Event: 12.906 Thread 0x000001a9e9590d20 Uncommon trap: reason=intrinsic_or_type_checked_inlining action=make_not_entrant pc=0x000001a9d77818fc method=java.util.Arrays.copyOf([Ljava/lang/Object;ILjava/lang/Class;)[Ljava/lang/Object; @ 35 c2
Event: 12.906 Thread 0x000001a9e9590d20 DEOPT PACKING pc=0x000001a9d77818fc sp=0x0000003e1c2fdbe0
Event: 12.906 Thread 0x000001a9e9590d20 DEOPT UNPACKING pc=0x000001a9d71146a2 sp=0x0000003e1c2fdb88 mode 2
Event: 13.967 Thread 0x000001a9e9590d20 Uncommon trap: trap_request=0xffffff45 fr.pc=0x000001a9d7723588 relative=0x0000000000000068
Event: 13.967 Thread 0x000001a9e958f970 Uncommon trap: trap_request=0xffffff45 fr.pc=0x000001a9d7723588 relative=0x0000000000000068
Event: 13.967 Thread 0x000001a9e9590d20 Uncommon trap: reason=unstable_if action=reinterpret pc=0x000001a9d7723588 method=java.util.stream.StreamOpFlag.fromCharacteristics(Ljava/util/Spliterator;)I @ 10 c2
Event: 13.967 Thread 0x000001a9e958f970 Uncommon trap: reason=unstable_if action=reinterpret pc=0x000001a9d7723588 method=java.util.stream.StreamOpFlag.fromCharacteristics(Ljava/util/Spliterator;)I @ 10 c2
Event: 13.967 Thread 0x000001a9e958f970 DEOPT PACKING pc=0x000001a9d7723588 sp=0x0000003e1c0fe130
Event: 13.967 Thread 0x000001a9e958f970 DEOPT UNPACKING pc=0x000001a9d71146a2 sp=0x0000003e1c0fe0c0 mode 2
Event: 13.967 Thread 0x000001a9e9590d20 DEOPT PACKING pc=0x000001a9d7723588 sp=0x0000003e1c2fdc30
Event: 13.967 Thread 0x000001a9e9590d20 DEOPT UNPACKING pc=0x000001a9d71146a2 sp=0x0000003e1c2fdbc0 mode 2

Classes loaded (20 events):
Event: 17.266 Loading class com/aventstack/extentreports/reporter/ReporterConfigurable
Event: 17.266 Loading class com/aventstack/extentreports/reporter/ReporterConfigurable done
Event: 17.268 Loading class com/aventstack/extentreports/reporter/configuration/ViewsConfigurable
Event: 17.268 Loading class com/aventstack/extentreports/reporter/configuration/ViewsConfigurable done
Event: 17.270 Loading class com/aventstack/extentreports/reporter/ReporterFilterable
Event: 17.270 Loading class com/aventstack/extentreports/reporter/ReporterFilterable done
Event: 17.271 Loading class com/aventstack/extentreports/reporter/AbstractFileReporter
Event: 17.271 Loading class com/aventstack/extentreports/reporter/AbstractFileReporter done
Event: 17.272 Loading class com/aventstack/extentreports/reporter/AbstractFilterableReporter
Event: 17.272 Loading class com/aventstack/extentreports/reporter/AbstractFilterableReporter done
Event: 17.273 Loading class com/aventstack/extentreports/reporter/filter/StatusFilterable
Event: 17.273 Loading class com/aventstack/extentreports/reporter/filter/StatusFilterable done
Event: 17.281 Loading class com/aventstack/extentreports/reporter/AbstractReporter
Event: 17.281 Loading class com/aventstack/extentreports/reporter/AbstractReporter done
Event: 17.282 Loading class com/aventstack/extentreports/reporter/ExtentReporter
Event: 17.282 Loading class com/aventstack/extentreports/reporter/ExtentReporter done
Event: 18.286 Loading class freemarker/template/TemplateModelException
Event: 18.286 Loading class freemarker/template/TemplateModelException done
Event: 19.302 Loading class freemarker/template/TemplateException
Event: 19.302 Loading class freemarker/template/TemplateException done

Classes unloaded (1 events):
Event: 8.513 Thread 0x000001a9e3d1f990 Unloading class 0x000001a981003c00 'java/lang/invoke/LambdaForm$DMH+0x000001a981003c00'

Classes redefined (1 events):
Event: 0.353 Thread 0x000001a9e3d1f990 redefined class name=java.lang.Throwable, count=1

Internal exceptions (20 events):
Event: 8.549 Thread 0x000001a9ea7d3760 Exception <a 'java/lang/NoSuchMethodError'{0x000000008e341c80}: 'java.lang.Object java.lang.invoke.DirectMethodHandle$Holder.invokeSpecial(java.lang.Object, java.lang.Object, java.lang.Object, java.lang.Object, int)'> (0x000000008e341c80) 
thrown [s\src\hotspot\share\interpreter\linkResolver.cpp, line 773]
Event: 8.549 Thread 0x000001a9ea7d30d0 Exception <a 'java/lang/NoSuchMethodError'{0x000000008e37f928}: 'java.lang.Object java.lang.invoke.DirectMethodHandle$Holder.invokeSpecial(java.lang.Object, java.lang.Object, java.lang.Object, java.lang.Object, int)'> (0x000000008e37f928) 
thrown [s\src\hotspot\share\interpreter\linkResolver.cpp, line 773]
Event: 8.549 Thread 0x000001a9ea7d3df0 Exception <a 'java/lang/NoSuchMethodError'{0x000000008e357850}: 'java.lang.Object java.lang.invoke.DirectMethodHandle$Holder.invokeSpecial(java.lang.Object, java.lang.Object, java.lang.Object, java.lang.Object, int)'> (0x000000008e357850) 
thrown [s\src\hotspot\share\interpreter\linkResolver.cpp, line 773]
Event: 8.549 Thread 0x000001a9ea7cfc50 Exception <a 'java/lang/NoSuchMethodError'{0x000000008e31c068}: 'java.lang.Object java.lang.invoke.DirectMethodHandle$Holder.invokeSpecial(java.lang.Object, java.lang.Object, java.lang.Object, java.lang.Object, int)'> (0x000000008e31c068) 
thrown [s\src\hotspot\share\interpreter\linkResolver.cpp, line 773]
Event: 8.549 Thread 0x000001a9ea7d3760 Exception <a 'java/lang/NoSuchMethodError'{0x000000008e3456c8}: 'java.lang.Object java.lang.invoke.Invokers$Holder.linkToTargetMethod(java.lang.Object, java.lang.Object, int, java.lang.Object)'> (0x000000008e3456c8) 
thrown [s\src\hotspot\share\interpreter\linkResolver.cpp, line 773]
Event: 8.549 Thread 0x000001a9ea7cfc50 Exception <a 'java/lang/NoSuchMethodError'{0x000000008e31fa40}: 'java.lang.Object java.lang.invoke.Invokers$Holder.linkToTargetMethod(java.lang.Object, java.lang.Object, int, java.lang.Object)'> (0x000000008e31fa40) 
thrown [s\src\hotspot\share\interpreter\linkResolver.cpp, line 773]
Event: 8.549 Thread 0x000001a9ea7d3df0 Exception <a 'java/lang/NoSuchMethodError'{0x000000008e35b268}: 'java.lang.Object java.lang.invoke.Invokers$Holder.linkToTargetMethod(java.lang.Object, java.lang.Object, int, java.lang.Object)'> (0x000000008e35b268) 
thrown [s\src\hotspot\share\interpreter\linkResolver.cpp, line 773]
Event: 8.549 Thread 0x000001a9ea7d30d0 Exception <a 'java/lang/NoSuchMethodError'{0x000000008e383340}: 'java.lang.Object java.lang.invoke.Invokers$Holder.linkToTargetMethod(java.lang.Object, java.lang.Object, int, java.lang.Object)'> (0x000000008e383340) 
thrown [s\src\hotspot\share\interpreter\linkResolver.cpp, line 773]
Event: 8.571 Thread 0x000001a9ea7d3760 Exception <a 'java/lang/NoSuchMethodError'{0x000000008e280cc8}: 'void java.lang.invoke.DirectMethodHandle$Holder.invokeSpecial(java.lang.Object, java.lang.Object, java.lang.Object, java.lang.Object, java.lang.Object)'> (0x000000008e280cc8) 
thrown [s\src\hotspot\share\interpreter\linkResolver.cpp, line 773]
Event: 8.571 Thread 0x000001a9ea7d30d0 Exception <a 'java/lang/NoSuchMethodError'{0x000000008e23b0b0}: 'void java.lang.invoke.DirectMethodHandle$Holder.invokeSpecial(java.lang.Object, java.lang.Object, java.lang.Object, java.lang.Object, java.lang.Object)'> (0x000000008e23b0b0) 
thrown [s\src\hotspot\share\interpreter\linkResolver.cpp, line 773]
Event: 8.571 Thread 0x000001a9ea7d3df0 Exception <a 'java/lang/NoSuchMethodError'{0x000000008e225b58}: 'void java.lang.invoke.DirectMethodHandle$Holder.invokeSpecial(java.lang.Object, java.lang.Object, java.lang.Object, java.lang.Object, java.lang.Object)'> (0x000000008e225b58) 
thrown [s\src\hotspot\share\interpreter\linkResolver.cpp, line 773]
Event: 8.571 Thread 0x000001a9ea7cfc50 Exception <a 'java/lang/NoSuchMethodError'{0x000000008e25a540}: 'void java.lang.invoke.DirectMethodHandle$Holder.invokeSpecial(java.lang.Object, java.lang.Object, java.lang.Object, java.lang.Object, java.lang.Object)'> (0x000000008e25a540) 
thrown [s\src\hotspot\share\interpreter\linkResolver.cpp, line 773]
Event: 12.480 Thread 0x000001a9ea268b20 Exception <a 'java/lang/NoSuchMethodError'{0x000000008df20170}: 'java.lang.Object java.lang.invoke.DirectMethodHandle$Holder.newInvokeSpecial(java.lang.Object, java.lang.Object, long, java.lang.Object, java.lang.Object, java.lang.Object)'> (0x000000008df20170) 
thrown [s\src\hotspot\share\interpreter\linkResolver.cpp, line 773]
Event: 12.480 Thread 0x000001a9ea269ed0 Exception <a 'java/lang/NoSuchMethodError'{0x000000008e0cc6d0}: 'java.lang.Object java.lang.invoke.DirectMethodHandle$Holder.newInvokeSpecial(java.lang.Object, java.lang.Object, long, java.lang.Object, java.lang.Object, java.lang.Object)'> (0x000000008e0cc6d0) 
thrown [s\src\hotspot\share\interpreter\linkResolver.cpp, line 773]
Event: 12.480 Thread 0x000001a9ea2691b0 Exception <a 'java/lang/NoSuchMethodError'{0x000000008df15788}: 'java.lang.Object java.lang.invoke.DirectMethodHandle$Holder.newInvokeSpecial(java.lang.Object, java.lang.Object, long, java.lang.Object, java.lang.Object, java.lang.Object)'> (0x000000008df15788) 
thrown [s\src\hotspot\share\interpreter\linkResolver.cpp, line 773]
Event: 12.498 Thread 0x000001a9ea269ed0 Exception <a 'java/lang/NoSuchMethodError'{0x000000008df3b098}: 'void java.lang.invoke.DirectMethodHandle$Holder.invokeSpecial(java.lang.Object, java.lang.Object, java.lang.Object, java.lang.Object, java.lang.Object, java.lang.Object, java.lang.Object)'> (0x000000008df3b098) 
thrown [s\src\hotspot\share\interpreter\linkResolver.cpp, line 773]
Event: 12.570 Thread 0x000001a9e958f970 Exception <a 'java/lang/NoSuchMethodError'{0x000000008de11d90}: 'java.lang.Object java.lang.invoke.DirectMethodHandle$Holder.invokeSpecialIFC(java.lang.Object, java.lang.Object, java.lang.Object)'> (0x000000008de11d90) 
thrown [s\src\hotspot\share\interpreter\linkResolver.cpp, line 773]
Event: 12.570 Thread 0x000001a9e9590d20 Exception <a 'java/lang/NoSuchMethodError'{0x000000008dffd430}: 'java.lang.Object java.lang.invoke.DirectMethodHandle$Holder.invokeSpecialIFC(java.lang.Object, java.lang.Object, java.lang.Object)'> (0x000000008dffd430) 
thrown [s\src\hotspot\share\interpreter\linkResolver.cpp, line 773]
Event: 12.570 Thread 0x000001a9e9590690 Exception <a 'java/lang/NoSuchMethodError'{0x000000008dfd35b0}: 'java.lang.Object java.lang.invoke.DirectMethodHandle$Holder.invokeSpecialIFC(java.lang.Object, java.lang.Object, java.lang.Object)'> (0x000000008dfd35b0) 
thrown [s\src\hotspot\share\interpreter\linkResolver.cpp, line 773]
Event: 12.932 Thread 0x000001a9e9591a40 Exception <a 'java/lang/ClassNotFoundException'{0x000000008d845818}: sun/util/logging/resources/spi/loggingProvider> (0x000000008d845818) 
thrown [s\src\hotspot\share\classfile\systemDictionary.cpp, line 312]

ZGC Phase Switch (0 events):
No events

VM Operations (20 events):
Event: 8.518 Executing VM operation: G1PauseCleanup
Event: 8.521 Executing VM operation: G1PauseCleanup done
Event: 10.528 Executing VM operation: Cleanup
Event: 10.528 Executing VM operation: Cleanup done
Event: 12.336 Executing VM operation: HandshakeAllThreads (Deoptimize)
Event: 12.336 Executing VM operation: HandshakeAllThreads (Deoptimize) done
Event: 12.382 Executing VM operation: HandshakeAllThreads (Deoptimize)
Event: 12.382 Executing VM operation: HandshakeAllThreads (Deoptimize) done
Event: 12.382 Executing VM operation: Cleanup
Event: 12.382 Executing VM operation: Cleanup done
Event: 13.383 Executing VM operation: Cleanup
Event: 13.949 Executing VM operation: Cleanup done
Event: 14.957 Executing VM operation: Cleanup
Event: 14.957 Executing VM operation: Cleanup done
Event: 16.966 Executing VM operation: Cleanup
Event: 16.966 Executing VM operation: Cleanup done
Event: 17.971 Executing VM operation: Cleanup
Event: 17.971 Executing VM operation: Cleanup done
Event: 19.974 Executing VM operation: Cleanup
Event: 19.974 Executing VM operation: Cleanup done

Memory protections (0 events):
No events

Nmethod flushes (0 events):
No events

Events (20 events):
Event: 8.593 Thread 0x000001a9e95d9630 Thread added: 0x000001a9ea269ed0
Event: 12.744 Thread 0x000001a9e9590690 Thread added: 0x000001a9ea269840
Event: 12.746 Thread 0x000001a9e9590690 Thread added: 0x000001a9ea268490
Event: 12.746 Thread 0x000001a9e9590d20 Thread added: 0x000001a9ea26a560
Event: 12.747 Thread 0x000001a9e9590d20 Thread added: 0x000001a9ea2670e0
Event: 12.747 Thread 0x000001a9e958f970 Thread added: 0x000001a9ea26abf0
Event: 12.747 Thread 0x000001a9e9591a40 Thread added: 0x000001a9ea267770
Event: 12.747 Thread 0x000001a9e958f970 Thread added: 0x000001a9ea26b280
Event: 12.748 Thread 0x000001a9e9591a40 Thread added: 0x000001a9ea267e00
Event: 12.752 Thread 0x000001a9ea269840 Thread added: 0x000001a9ea26d9e0
Event: 12.752 Thread 0x000001a9ea269840 Thread added: 0x000001a9ea26c630
Event: 12.753 Thread 0x000001a9ea26abf0 Thread added: 0x000001a9ea26b910
Event: 12.753 Thread 0x000001a9ea269840 Thread added: 0x000001a9ea26e070
Event: 12.753 Thread 0x000001a9ea267770 Thread added: 0x000001a9ea26bfa0
Event: 12.753 Thread 0x000001a9ea26a560 Thread added: 0x000001a9ea26e700
Event: 12.754 Thread 0x000001a9ea26abf0 Thread added: 0x000001a9ea26ccc0
Event: 12.754 Thread 0x000001a9ea26a560 Thread added: 0x000001a9ea26d350
Event: 12.754 Thread 0x000001a9ea267770 Thread added: 0x000001a9e8bd3480
Event: 12.754 Thread 0x000001a9ea26abf0 Thread added: 0x000001a9e8bd0000
Event: 19.301 Thread 0x000001a9ea7d1d20 Thread exited: 0x000001a9ea7d1d20


Dynamic libraries:
0x00007ff78a0c0000 - 0x00007ff78a0ce000 	C:\Users\deepi\.jdks\ms-21.0.8\bin\java.exe
0x00007ffb30300000 - 0x00007ffb30566000 	C:\WINDOWS\SYSTEM32\ntdll.dll
0x00007ffb2e040000 - 0x00007ffb2e109000 	C:\WINDOWS\System32\KERNEL32.DLL
0x00007ffb2dc20000 - 0x00007ffb2e01e000 	C:\WINDOWS\System32\KERNELBASE.dll
0x00007ffb2d760000 - 0x00007ffb2d8ac000 	C:\WINDOWS\System32\ucrtbase.dll
0x00007ffb05d40000 - 0x00007ffb05d5e000 	C:\Users\deepi\.jdks\ms-21.0.8\bin\VCRUNTIME140.dll
0x00007ffb0b840000 - 0x00007ffb0b858000 	C:\Users\deepi\.jdks\ms-21.0.8\bin\jli.dll
0x00007ffb2f320000 - 0x00007ffb2f4e7000 	C:\WINDOWS\System32\USER32.dll
0x00007ffb13310000 - 0x00007ffb135a2000 	C:\WINDOWS\WinSxS\amd64_microsoft.windows.common-controls_6595b64144ccf1df_6.0.26100.8894_none_3e0f749ee32e02ea\COMCTL32.dll
0x00007ffb2d670000 - 0x00007ffb2d697000 	C:\WINDOWS\System32\win32u.dll
0x00007ffb2ed50000 - 0x00007ffb2edf9000 	C:\WINDOWS\System32\msvcrt.dll
0x00007ffb2e110000 - 0x00007ffb2e13b000 	C:\WINDOWS\System32\GDI32.dll
0x00007ffb2d8c0000 - 0x00007ffb2d9ea000 	C:\WINDOWS\System32\gdi32full.dll
0x00007ffb2db70000 - 0x00007ffb2dc13000 	C:\WINDOWS\System32\msvcp_win.dll
0x00007ffb2f1d0000 - 0x00007ffb2f202000 	C:\WINDOWS\System32\IMM32.DLL
0x00007ffb1d400000 - 0x00007ffb1d40c000 	C:\Users\deepi\.jdks\ms-21.0.8\bin\vcruntime140_1.dll
0x00007ffac24b0000 - 0x00007ffac2539000 	C:\Users\deepi\.jdks\ms-21.0.8\bin\msvcp140.dll
0x00007ffa2c540000 - 0x00007ffa2d2ec000 	C:\Users\deepi\.jdks\ms-21.0.8\bin\server\jvm.dll
0x00007ffb2e1b0000 - 0x00007ffb2e267000 	C:\WINDOWS\System32\ADVAPI32.dll
0x00007ffb2e5a0000 - 0x00007ffb2e64a000 	C:\WINDOWS\System32\sechost.dll
0x00007ffb2e460000 - 0x00007ffb2e578000 	C:\WINDOWS\System32\RPCRT4.dll
0x00007ffb2f290000 - 0x00007ffb2f310000 	C:\WINDOWS\System32\WS2_32.dll
0x00007ffb2d380000 - 0x00007ffb2d3de000 	C:\WINDOWS\SYSTEM32\POWRPROF.dll
0x00007ffb1eb30000 - 0x00007ffb1eb3b000 	C:\WINDOWS\SYSTEM32\VERSION.dll
0x00007ffb23e50000 - 0x00007ffb23e86000 	C:\WINDOWS\SYSTEM32\WINMM.dll
0x00007ffb2d360000 - 0x00007ffb2d374000 	C:\WINDOWS\SYSTEM32\UMPDC.dll
0x00007ffb2c200000 - 0x00007ffb2c21b000 	C:\WINDOWS\SYSTEM32\kernel.appcore.dll
0x00007ffb1ac60000 - 0x00007ffb1ac6a000 	C:\Users\deepi\.jdks\ms-21.0.8\bin\jimage.dll
0x00007ffb1f070000 - 0x00007ffb1f2b2000 	C:\WINDOWS\SYSTEM32\DBGHELP.DLL
0x00007ffb2ff30000 - 0x00007ffb302b3000 	C:\WINDOWS\System32\combase.dll
0x00007ffb2eae0000 - 0x00007ffb2ebb9000 	C:\WINDOWS\System32\OLEAUT32.dll
0x00007ffb0c550000 - 0x00007ffb0c58b000 	C:\WINDOWS\SYSTEM32\dbgcore.DLL
0x00007ffb2d6a0000 - 0x00007ffb2d74c000 	C:\WINDOWS\System32\bcryptPrimitives.dll
0x00007ffaf76c0000 - 0x00007ffaf76d0000 	C:\Users\deepi\.jdks\ms-21.0.8\bin\instrument.dll
0x00007ffaf4120000 - 0x00007ffaf4141000 	C:\Users\deepi\.jdks\ms-21.0.8\bin\java.dll
0x00007ffaf3f40000 - 0x00007ffaf3f58000 	C:\Users\deepi\.jdks\ms-21.0.8\bin\zip.dll
0x00007ffb2f790000 - 0x00007ffb2ff22000 	C:\WINDOWS\System32\SHELL32.dll
0x00007ffb2afc0000 - 0x00007ffb2b852000 	C:\WINDOWS\SYSTEM32\windows.storage.dll
0x00007ffb2ee00000 - 0x00007ffb2eef7000 	C:\WINDOWS\System32\SHCORE.dll
0x00007ffb2e360000 - 0x00007ffb2e3c7000 	C:\WINDOWS\System32\shlwapi.dll
0x00007ffb2d440000 - 0x00007ffb2d469000 	C:\WINDOWS\SYSTEM32\profapi.dll
0x00007ffabe430000 - 0x00007ffabe506000 	C:\Users\deepi\.jdks\ms-21.0.8\bin\jsvml.dll
0x00007ffaf52a0000 - 0x00007ffaf52b1000 	C:\Users\deepi\.jdks\ms-21.0.8\bin\net.dll
0x00007ffb23c10000 - 0x00007ffb23d37000 	C:\WINDOWS\SYSTEM32\WINHTTP.dll
0x00007ffb2c7b0000 - 0x00007ffb2c81c000 	C:\WINDOWS\system32\mswsock.dll
0x00007ffaf48a0000 - 0x00007ffaf48b6000 	C:\Users\deepi\.jdks\ms-21.0.8\bin\nio.dll
0x00007ffb0b890000 - 0x00007ffb0b899000 	C:\Users\deepi\.jdks\ms-21.0.8\bin\extnet.dll
0x00007ffb2cab0000 - 0x00007ffb2cacb000 	C:\WINDOWS\SYSTEM32\CRYPTSP.dll
0x00007ffb2c160000 - 0x00007ffb2c199000 	C:\WINDOWS\system32\rsaenh.dll
0x00007ffb2c870000 - 0x00007ffb2c8a2000 	C:\WINDOWS\SYSTEM32\USERENV.dll
0x00007ffb2d410000 - 0x00007ffb2d43a000 	C:\WINDOWS\SYSTEM32\bcrypt.dll
0x00007ffb2cad0000 - 0x00007ffb2cadc000 	C:\WINDOWS\SYSTEM32\CRYPTBASE.dll
0x00007ffb2bbb0000 - 0x00007ffb2bbe3000 	C:\WINDOWS\SYSTEM32\IPHLPAPI.DLL
0x00007ffb2ed40000 - 0x00007ffb2ed4a000 	C:\WINDOWS\System32\NSI.dll
0x00007ffb2bc40000 - 0x00007ffb2bd96000 	C:\WINDOWS\SYSTEM32\DNSAPI.dll
0x00007ffb2c590000 - 0x00007ffb2c59d000 	C:\WINDOWS\SYSTEM32\DSPARSE.dll
0x00007ffb23520000 - 0x00007ffb2352b000 	C:\Windows\System32\rasadhlp.dll
0x00007ffb27de0000 - 0x00007ffb27e66000 	C:\WINDOWS\System32\fwpuclnt.dll
0x00007ffb0b830000 - 0x00007ffb0b83a000 	C:\Users\deepi\.jdks\ms-21.0.8\bin\management.dll
0x00007ffb0b800000 - 0x00007ffb0b80c000 	C:\Users\deepi\.jdks\ms-21.0.8\bin\management_ext.dll
0x00007ffb2e030000 - 0x00007ffb2e038000 	C:\WINDOWS\System32\PSAPI.DLL
0x00007ffb11640000 - 0x00007ffb1164e000 	C:\Users\deepi\.jdks\ms-21.0.8\bin\sunmscapi.dll
0x00007ffb2d9f0000 - 0x00007ffb2db68000 	C:\WINDOWS\System32\CRYPT32.dll
0x00007ffb2ccf0000 - 0x00007ffb2cd20000 	C:\WINDOWS\SYSTEM32\ncrypt.dll
0x00007ffb2cca0000 - 0x00007ffb2ccdf000 	C:\WINDOWS\SYSTEM32\NTASN1.dll
0x00007ffb058f0000 - 0x00007ffb058f8000 	C:\WINDOWS\system32\wshunix.dll

JVMTI agents:
C:\Users\deepi\AppData\Local\JetBrains\IdeaIC2025.2\captureAgent\debugger-agent.jar path:C:\Users\deepi\.jdks\ms-21.0.8\bin\instrument.dll, loaded, initialized, instrumentlib options:file:///C:/Users/deepi/AppData/Local/Temp/capture16266780466671519419.props
C:\Program Files\JetBrains\IntelliJ IDEA Community Edition 2025.2\lib\idea_rt.jar path:C:\Users\deepi\.jdks\ms-21.0.8\bin\instrument.dll, loaded, initialized, instrumentlib options:52838

dbghelp: loaded successfully - version: 4.0.5 - missing functions: none
symbol engine: initialized successfully - sym options: 0x614 - pdb path: .;C:\Users\deepi\.jdks\ms-21.0.8\bin;C:\WINDOWS\SYSTEM32;C:\WINDOWS\WinSxS\amd64_microsoft.windows.common-controls_6595b64144ccf1df_6.0.26100.8894_none_3e0f749ee32e02ea;C:\Users\deepi\.jdks\ms-21.0.8\bin\server

VM Arguments:
jvm_args: -javaagent:C:\Users\deepi\AppData\Local\JetBrains\IdeaIC2025.2\captureAgent\debugger-agent.jar=file:///C:/Users/deepi/AppData/Local/Temp/capture16266780466671519419.props -ea -Didea.test.cyclic.buffer.size=1048576 -javaagent:C:\Program Files\JetBrains\IntelliJ IDEA Community Edition 2025.2\lib\idea_rt.jar=52838 -Dkotlinx.coroutines.debug.enable.creation.stack.trace=false -Ddebugger.agent.enable.coroutines=true -Dkotlinx.coroutines.debug.enable.flows.stack.trace=true -Dkotlinx.coroutines.debug.enable.mutable.state.flows.stack.trace=true -Dfile.encoding=UTF-8 -Dsun.stdout.encoding=UTF-8 -Dsun.stderr.encoding=UTF-8 
java_command: com.intellij.rt.testng.RemoteTestNGStarter -usedefaultlisteners false -socket52837 @w@C:\Users\deepi\AppData\Local\Temp\idea_working_dirs_testng.tmp -temp C:\Users\deepi\AppData\Local\Temp\idea_testng.tmp
java_class_path (initial): C:\Program Files\JetBrains\IntelliJ IDEA Community Edition 2025.2\lib\idea_rt.jar;C:\Program Files\JetBrains\IntelliJ IDEA Community Edition 2025.2\plugins\testng\lib\testng-rt.jar;C:\Users\deepi\IdeaProjects\AutomationHandsOn\target\test-classes;C:\Users\deepi\IdeaProjects\AutomationHandsOn\target\classes;C:\Users\deepi\.m2\repository\org\seleniumhq\selenium\selenium-java\4.35.0\selenium-java-4.35.0.jar;C:\Users\deepi\.m2\repository\org\seleniumhq\selenium\selenium-api\4.35.0\selenium-api-4.35.0.jar;C:\Users\deepi\.m2\repository\org\jspecify\jspecify\1.0.0\jspecify-1.0.0.jar;C:\Users\deepi\.m2\repository\org\seleniumhq\selenium\selenium-chrome-driver\4.35.0\selenium-chrome-driver-4.35.0.jar;C:\Users\deepi\.m2\repository\com\google\auto\service\auto-service-annotations\1.1.1\auto-service-annotations-1.1.1.jar;C:\Users\deepi\.m2\repository\org\seleniumhq\selenium\selenium-chromium-driver\4.35.0\selenium-chromium-driver-4.35.0.jar;C:\Users\deepi\.m2\repository\org\seleniumhq\selenium\selenium-json\4.35.0\selenium-json-4.35.0.jar;C:\Users\deepi\.m2\repository\org\seleniumhq\selenium\selenium-manager\4.35.0\selenium-manager-4.35.0.jar;C:\Users\deepi\.m2\repository\org\seleniumhq\selenium\selenium-devtools-v137\4.35.0\selenium-devtools-v137-4.35.0.jar;C:\Users\deepi\.m2\repository\org\seleniumhq\selenium\selenium-devtools-v138\4.35.0\selenium-devtools-v138-4.35.0.jar;C:\Users\deepi\.m2\repository\org\seleniumhq\selenium\selenium-devtools-v139\4.35.0\selenium-devtools-v139-4.35.0.jar;C:\Users\deepi\.m2\repository\org\seleniumhq\selenium\selenium-edge-driver\4.35.0\selenium-edge-driver-4.35.0.jar;C:\Users\deepi\.m2\repository\org\seleniumhq\selenium\selenium-firefox-driver\4.35.0\selenium-firefox-driver-4.35.0.jar;C:\Users\deepi\.m2\repository\org\seleniumhq\selenium\selenium-http\4.35.0\selenium-http-4.35.0.jar;C:\Users\deepi\.m2\repository\org\seleniumhq\selenium\selenium-ie-driver\4.35.0\selenium-ie-driver-4.35.0.jar;C:\Users\deepi\.m2\repository\org\seleniumhq\selenium\selenium-remote-driver\4.35.0\selenium-remote-driver-4.35.0.jar;C:\Users\deepi\.m2\repository\com\google\guava\guava\33.4.8-jre\guava-33.4.8-jre.jar;C:\Users\deepi\.m2\repository\com\google\guava\failureaccess\1.0.3\failureaccess-1.0.3.jar;C:\Users\deepi\.m2\repository\com\google\guava\listenablefuture\9999.0-empty-to-avoid-conflict-with-guava\listenablefuture-9999.0-empty-to-avoid-conflict-with-guava.jar;C:\Users\deepi\.m2\repository\com\google\errorprone\error_prone_annotations\2.36.0\error_prone_annotations-2.36.0.jar;C:\Users\deepi\.m2\repository\com\google\j2objc\j2objc-annotations\3.0.0\j2objc-annotations-3.0.0.jar;C:\Users\deepi\.m2\repository\io\opentelemetry\opentelemetry-api\1.53.0\opentelemetry-api-1.53.0.jar;C:\Users\deepi\.m2\repository\io\opentelemetry\opentelemetry-context\1.53.0\opentelemetry-context-1.53.0.jar;C:\Users\deepi\.m2\repository\io\opentelemetry\opentelemetry-common\1.53.0\opentelemetry-common-1.53.0.jar;C:\Users\deepi\.m2\repository\io\opentelemetry\opentelemetry-exporter-logging\1.53.0\opentelemetry-exporter-logging-1.53.0.jar;C:\Users\deepi\.m2\repository\io\opentelemetry\opentelemetry-sdk-common\1.53.0\opentelemetry-sdk-common-1.53.0.jar;C:\Users\deepi\.m2\repository\io\opentelemetry\opentelemetry-sdk-extension-autoconfigure-spi\1.53.0\opentelemetry-sdk-extension-autoconfigure-spi-1.53.0.jar;C:\Users\deepi\.m2\repository\io\opentelemetry\opentelemetry-sdk-extension-autoconfigure\1.53.0\opentelemetry-sdk-extension-autoconfigure-1.53.0.jar;C:\Users\deepi\.m2\repository\io\opentelemetry\opentelemetry-sdk-trace\1.53.0\opentelemetry-sdk-trace-1.53.0.jar;C:\Users\deepi\.m2\repository\io\opentelemetry\opentelemetry-sdk\1.53.0\opentelemetry-sdk-1.53.0.jar;C:\Users\deepi\.m2\repository\io\opentelemetry\opentelemetry-sdk-metrics\1.53.0\opentelemetry-sdk-metrics-1.53.0.jar;C:\Users\deepi\.m2\repository\io\opentelemetry\opentelemetry-sdk-logs\1.53.0\opentelemetry-sdk-logs-1.53.0.jar;C:\Users\deepi\.m2\repository\net\bytebuddy\byte-buddy\1.17.6\byte-buddy-1.17.6.jar;C:\Users\deepi\.m2\repository\org\seleniumhq\selenium\selenium-os\4.35.0\selenium-os-4.35.0.jar;C:\Users\deepi\.m2\repository\org\apache\commons\commons-exec\1.5.0\commons-exec-1.5.0.jar;C:\Users\deepi\.m2\repository\org\seleniumhq\selenium\selenium-safari-driver\4.35.0\selenium-safari-driver-4.35.0.jar;C:\Users\deepi\.m2\repository\org\seleniumhq\selenium\selenium-support\4.35.0\selenium-support-4.35.0.jar;C:\Users\deepi\.m2\repository\io\github\bonigarcia\webdrivermanager\5.7.0\webdrivermanager-5.7.0.jar;C:\Users\deepi\.m2\repository\com\google\code\gson\gson\2.10.1\gson-2.10.1.jar;C:\Users\deepi\.m2\repository\com\github\docker-java\docker-java\3.3.5\docker-java-3.3.5.jar;C:\Users\deepi\.m2\repository\com\github\docker-java\docker-java-core\3.3.5\docker-java-core-3.3.5.jar;C:\Users\deepi\.m2\repository\com\github\docker-java\docker-java-api\3.3.5\docker-java-api-3.3.5.jar;C:\Users\deepi\.m2\repository\com\fasterxml\jackson\core\jackson-annotations\2.10.3\jackson-annotations-2.10.3.jar;C:\Users\deepi\.m2\repository\com\fasterxml\jackson\core\jackson-databind\2.10.3\jackson-databind-2.10.3.jar;C:\Users\deepi\.m2\repository\com\fasterxml\jackson\core\jackson-core\2.10.3\jackson-core-2.10.3.jar;C:\Users\deepi\.m2\repository\org\bouncycastle\bcpkix-jdk18on\1.76\bcpkix-jdk18on-1.76.jar;C:\Users\deepi\.m2\repository\org\bouncycastle\bcprov-jdk18on\1.76\bcprov-jdk18on-1.76.jar;C:\Users\deepi\.m2\repository\org\bouncycastle\bcutil-jdk18on\1.76\bcutil-jdk18on-1.76.jar;C:\Users\deepi\.m2\repository\org\slf4j\jcl-over-slf4j\1.7.30\jcl-over-slf4j-1.7.30.jar;C:\Users\deepi\.m2\repository\com\github\docker-java\docker-java-transport-httpclient5\3.3.5\docker-java-transport-httpclient5-3.3.5.jar;C:\Users\deepi\.m2\repository\com\github\docker-java\docker-java-transport\3.3.5\docker-java-transport-3.3.5.jar;C:\Users\deepi\.m2\repository\net\java\dev\jna\jna\5.13.0\jna-5.13.0.jar;C:\Users\deepi\.m2\repository\org\brotli\dec\0.1.2\dec-0.1.2.jar;C:\Users\deepi\.m2\repository\org\apache\commons\commons-lang3\3.14.0\commons-lang3-3.14.0.jar;C:\Users\deepi\.m2\repository\org\apache\commons\commons-compress\1.26.0\commons-compress-1.26.0.jar;C:\Users\deepi\.m2\repository\commons-io\commons-io\2.15.1\commons-io-2.15.1.jar;C:\Users\deepi\.m2\repository\org\apache\httpcomponents\client5\httpclient5\5.2.1\httpclient5-5.2.1.jar;C:\Users\deepi\.m2\repository\org\apache\httpcomponents\core5\httpcore5\5.2\httpcore5-5.2.jar;C:\Users\deepi\.m2\repository\org\apache\httpcomponents\core5\httpcore5-h2\5.2\httpcore5-h2-5.2.jar;C:\Users\deepi\.m2\repository\io\cucumber\cucumber-java\7.15.0\cucumber-java-7.15.0.jar;C:\Users\deepi\.m2\repository\io\cucumber\cucumber-core\7.15.0\cucumber-core-7.15.0.jar;C:\Users\deepi\.m2\repository\io\cucumber\cucumber-gherkin\7.15.0\cucumber-gherkin-7.15.0.jar;C:\Users\deepi\.m2\repository\io\cucumber\cucumber-gherkin-messages\7.15.0\cucumber-gherkin-messages-7.15.0.jar;C:\Users\deepi\.m2\repository\io\cucumber\gherkin\26.2.0\gherkin-26.2.0.jar;C:\Users\deepi\.m2\repository\io\cucumber\messages\22.0.0\messages-22.0.0.jar;C:\Users\deepi\.m2\repository\io\cucumber\tag-expressions\6.0.0\tag-expressions-6.0.0.jar;C:\Users\deepi\.m2\repository\io\cucumber\cucumber-expressions\17.0.1\cucumber-expressions-17.0.1.jar;C:\Users\deepi\.m2\repository\io\cucumber\datatable\7.15.0\datatable-7.15.0.jar;C:\Users\deepi\.m2\repository\io\cucumber\cucumber-plugin\7.15.0\cucumber-plugin-7.15.0.jar;C:\Users\deepi\.m2\repository\io\cucumber\docstring\7.15.0\docstring-7.15.0.jar;C:\Users\deepi\.m2\repository\io\cucumber\html-formatter\20.4.0\html-formatter-20.4.0.jar;C:\Users\deepi\.m2\repository\io\cucumber\junit-xml-formatter\0.2.0\junit-xml-formatter-0.2.0.jar;C:\Users\deepi\.m2\repository\io\cucumber\ci-environment\10.0.0\ci-environment-10.0.0.jar;C:\Users\deepi\.m2\repository\org\apiguardian\apiguardian-api\1.1.2\apiguardian-api-1.1.2.jar;C:\Users\deepi\.m2\repository\io\cucumber\cucumber-testng\7.15.0\cucumber-testng-7.15.0.jar;C:\Users\deepi\.m2\repository\org\testng\testng\7.9.0\testng-7.9.0.jar;C:\Users\deepi\.m2\repository\com\beust\jcommander\1.82\jcommander-1.82.jar;C:\Users\deepi\.m2\repository\org\webjars\jquery\3.7.1\jquery-3.7.1.jar;C:\Users\deepi\.m2\repository\com\aventstack\extentreports\5.1.1\extentreports-5.1.1.jar;C:\Users\deepi\.m2\repository\io\reactivex\rxjava3\rxjava\3.1.6\rxjava-3.1.6.jar;C:\Users\deepi\.m2\repository\org\reactivestreams\reactive-streams\1.0.4\reactive-streams-1.0.4.jar;C:\Users\deepi\.m2\repository\org\freemarker\freemarker\2.3.32\freemarker-2.3.32.jar;C:\Users\deepi\.m2\repository\org\projectlombok\lombok\1.18.34\lombok-1.18.34.jar;C:\Users\deepi\.m2\repository\ch\qos\logback\logback-classic\1.5.6\logback-classic-1.5.6.jar;C:\Users\deepi\.m2\repository\ch\qos\logback\logback-core\1.5.6\logback-core-1.5.6.jar;C:\Users\deepi\.m2\repository\org\slf4j\slf4j-api\2.0.12\slf4j-api-2.0.12.jar
Launcher Type: SUN_STANDARD

[Global flags]
     intx CICompilerCount                          = 4                                         {product} {ergonomic}
     uint ConcGCThreads                            = 2                                         {product} {ergonomic}
     uint G1ConcRefinementThreads                  = 8                                         {product} {ergonomic}
   size_t G1HeapRegionSize                         = 1048576                                   {product} {ergonomic}
    uintx GCDrainStackTargetSize                   = 64                                        {product} {ergonomic}
   size_t InitialHeapSize                          = 121634816                                 {product} {ergonomic}
   size_t MarkStackSize                            = 4194304                                   {product} {ergonomic}
   size_t MaxHeapSize                              = 1946157056                                {product} {ergonomic}
   size_t MaxNewSize                               = 1167065088                                {product} {ergonomic}
   size_t MinHeapDeltaBytes                        = 1048576                                   {product} {ergonomic}
   size_t MinHeapSize                              = 8388608                                   {product} {ergonomic}
    uintx NonNMethodCodeHeapSize                   = 5839372                                {pd product} {ergonomic}
    uintx NonProfiledCodeHeapSize                  = 122909434                              {pd product} {ergonomic}
    uintx ProfiledCodeHeapSize                     = 122909434                              {pd product} {ergonomic}
    uintx ReservedCodeCacheSize                    = 251658240                              {pd product} {ergonomic}
     bool SegmentedCodeCache                       = true                                      {product} {ergonomic}
   size_t SoftMaxHeapSize                          = 1946157056                             {manageable} {ergonomic}
     bool UseCompressedOops                        = true                           {product lp64_product} {ergonomic}
     bool UseG1GC                                  = true                                      {product} {ergonomic}
     bool UseLargePagesIndividualAllocation        = false                                  {pd product} {ergonomic}

Logging:
Log output configuration:
 #0: stdout all=warning uptime,level,tags foldmultilines=false
 #1: stderr all=off uptime,level,tags foldmultilines=false

Environment Variables:
JAVA_HOME=C:\Program Files\Java\jdk-21.0.7
PATH=C:\Program Files\Java\jdk1.8.0_202\bin;C:\Program Files (x86)\Common Files\Oracle\Java\javapath;C:\Program Files\Java\jdk-21.0.7\bin;C:\WINDOWS\system32;C:\WINDOWS;C:\WINDOWS\System32\Wbem;C:\WINDOWS\System32\WindowsPowerShell\v1.0\;C:\WINDOWS\System32\OpenSSH\;C:\Program Files\nodejs\;C:\Program Files\nodejs_modules\;C:\Program Files\Java\jdk-22\bin;C:\Users\deepi\apache-maven-3.9.9\bin;C:\Program Files\Git\bin;C:\Program Files\Java\jdk-21.0.7\bin;C:\Program Files\Java\jdk-21.0.7\bin;C:\Program Files\Common Files\Oracle\Java\javapath;C:\WINDOWS\system32;C:\WINDOWS;C:\WINDOWS\System32\Wbem;C:\WINDOWS\System32\WindowsPowerShell\v1.0\;C:\WINDOWS\System32\OpenSSH\;C:\Program Files\nodejs\;C:\Program Files\nodejs_modules\;C:\Program Files\Java\jdk-22;C:\Users\deepi\AppData\Local\Microsoft\WindowsApps;C:\Users\deepi\AppData\Roaming\npm;C:\Users\deepi\AppData\Local\Python\bin
USERNAME=deepi
OS=Windows_NT
PROCESSOR_IDENTIFIER=AMD64 Family 23 Model 160 Stepping 0, AuthenticAMD
TMP=C:\Users\deepi\AppData\Local\Temp
TEMP=C:\Users\deepi\AppData\Local\Temp




Periodic native trim disabled

---------------  S Y S T E M  ---------------

OS:
 Windows 11 , 64 bit Build 26100 (10.0.26100.8875)
OS uptime: 7 days 14:47 hours
Hyper-V role detected

CPU: total 8 (initial active 8) (8 cores per cpu, 2 threads per core) family 23 model 160 stepping 0 microcode 0x8a0000b, cx8, cmov, fxsr, ht, mmx, 3dnowpref, sse, sse2, sse3, ssse3, sse4a, sse4.1, sse4.2, popcnt, lzcnt, tsc, tscinvbit, avx, avx2, aes, clmul, bmi1, bmi2, adx, sha, fma, vzeroupper, clflush, clflushopt, hv, rdtscp, rdpid, f16c
Processor Information for processor 0
  Max Mhz: 2801, Current Mhz: 2483, Mhz Limit: 2801
Processor Information for processor 1
  Max Mhz: 2801, Current Mhz: 2483, Mhz Limit: 2801
Processor Information for processor 2
  Max Mhz: 2801, Current Mhz: 2483, Mhz Limit: 2801
Processor Information for processor 3
  Max Mhz: 2801, Current Mhz: 2801, Mhz Limit: 2801
Processor Information for processor 4
  Max Mhz: 2801, Current Mhz: 2801, Mhz Limit: 2801
Processor Information for processor 5
  Max Mhz: 2801, Current Mhz: 2801, Mhz Limit: 2801
Processor Information for processor 6
  Max Mhz: 2801, Current Mhz: 2483, Mhz Limit: 2801
Processor Information for processor 7
  Max Mhz: 2801, Current Mhz: 2483, Mhz Limit: 2801

Memory: 4k page, system-wide physical 7418M (364M free)
TotalPageFile size 24759M (AvailPageFile size 116M)
current process WorkingSet (physical memory assigned to process): 137M, peak: 155M
current process commit charge ("private bytes"): 191M, peak: 266M

vm_info: OpenJDK 64-Bit Server VM (21.0.8+9-LTS) for windows-amd64 JRE (21.0.8+9-LTS), built on 2025-07-10T20:22:44Z by "MicrosoftCorporation" with unknown MS VC++:1944

END.
